Archive member included because of file (symbol)

d:/c_projects/embedded_interfacing_emvironment/win/bin/../lib/gcc/avr/4.3.3/avr5\libgcc.a(_udivmodqi4.o)
                              ./includes/LCD_prog.o (__udivmodqi4)
d:/c_projects/embedded_interfacing_emvironment/win/bin/../lib/gcc/avr/4.3.3/avr5\libgcc.a(_exit.o)
                              d:/c_projects/embedded_interfacing_emvironment/win/bin/../lib/gcc/avr/4.3.3/../../../../avr/lib/avr5/crtm32.o (exit)
d:/c_projects/embedded_interfacing_emvironment/win/bin/../lib/gcc/avr/4.3.3/avr5\libgcc.a(_copy_data.o)
                              ./project/WASH_prog.o (__do_copy_data)
d:/c_projects/embedded_interfacing_emvironment/win/bin/../lib/gcc/avr/4.3.3/avr5\libgcc.a(_clear_bss.o)
                              ./project/WASH_prog.o (__do_clear_bss)
d:/c_projects/embedded_interfacing_emvironment/win/bin/../lib/gcc/avr/4.3.3/avr5\libgcc.a(_fixunssfsi.o)
                              ./project/WASH_prog.o (__fixunssfsi)
d:/c_projects/embedded_interfacing_emvironment/win/bin/../lib/gcc/avr/4.3.3/avr5\libgcc.a(_addsub_sf.o)
                              d:/c_projects/embedded_interfacing_emvironment/win/bin/../lib/gcc/avr/4.3.3/avr5\libgcc.a(_fixunssfsi.o) (__subsf3)
d:/c_projects/embedded_interfacing_emvironment/win/bin/../lib/gcc/avr/4.3.3/avr5\libgcc.a(_mul_sf.o)
                              ./project/WASH_prog.o (__mulsf3)
d:/c_projects/embedded_interfacing_emvironment/win/bin/../lib/gcc/avr/4.3.3/avr5\libgcc.a(_div_sf.o)
                              ./includes/LCD_prog.o (__divsf3)
d:/c_projects/embedded_interfacing_emvironment/win/bin/../lib/gcc/avr/4.3.3/avr5\libgcc.a(_gt_sf.o)
                              ./project/WASH_prog.o (__gtsf2)
d:/c_projects/embedded_interfacing_emvironment/win/bin/../lib/gcc/avr/4.3.3/avr5\libgcc.a(_ge_sf.o)
                              d:/c_projects/embedded_interfacing_emvironment/win/bin/../lib/gcc/avr/4.3.3/avr5\libgcc.a(_fixunssfsi.o) (__gesf2)
d:/c_projects/embedded_interfacing_emvironment/win/bin/../lib/gcc/avr/4.3.3/avr5\libgcc.a(_lt_sf.o)
                              ./project/WASH_prog.o (__ltsf2)
d:/c_projects/embedded_interfacing_emvironment/win/bin/../lib/gcc/avr/4.3.3/avr5\libgcc.a(_sf_to_si.o)
                              d:/c_projects/embedded_interfacing_emvironment/win/bin/../lib/gcc/avr/4.3.3/avr5\libgcc.a(_fixunssfsi.o) (__fixsfsi)
d:/c_projects/embedded_interfacing_emvironment/win/bin/../lib/gcc/avr/4.3.3/avr5\libgcc.a(_thenan_sf.o)
                              d:/c_projects/embedded_interfacing_emvironment/win/bin/../lib/gcc/avr/4.3.3/avr5\libgcc.a(_addsub_sf.o) (__thenan_sf)
d:/c_projects/embedded_interfacing_emvironment/win/bin/../lib/gcc/avr/4.3.3/avr5\libgcc.a(_prologue.o)
                              d:/c_projects/embedded_interfacing_emvironment/win/bin/../lib/gcc/avr/4.3.3/avr5\libgcc.a(_addsub_sf.o) (__prologue_saves__)
d:/c_projects/embedded_interfacing_emvironment/win/bin/../lib/gcc/avr/4.3.3/avr5\libgcc.a(_epilogue.o)
                              d:/c_projects/embedded_interfacing_emvironment/win/bin/../lib/gcc/avr/4.3.3/avr5\libgcc.a(_addsub_sf.o) (__epilogue_restores__)
d:/c_projects/embedded_interfacing_emvironment/win/bin/../lib/gcc/avr/4.3.3/avr5\libgcc.a(_pack_sf.o)
                              d:/c_projects/embedded_interfacing_emvironment/win/bin/../lib/gcc/avr/4.3.3/avr5\libgcc.a(_addsub_sf.o) (__pack_f)
d:/c_projects/embedded_interfacing_emvironment/win/bin/../lib/gcc/avr/4.3.3/avr5\libgcc.a(_unpack_sf.o)
                              d:/c_projects/embedded_interfacing_emvironment/win/bin/../lib/gcc/avr/4.3.3/avr5\libgcc.a(_addsub_sf.o) (__unpack_f)
d:/c_projects/embedded_interfacing_emvironment/win/bin/../lib/gcc/avr/4.3.3/avr5\libgcc.a(_fpcmp_parts_sf.o)
                              d:/c_projects/embedded_interfacing_emvironment/win/bin/../lib/gcc/avr/4.3.3/avr5\libgcc.a(_gt_sf.o) (__fpcmp_parts_f)

Memory Configuration

Name             Origin             Length             Attributes
text             0x00000000         0x00020000         xr
data             0x00800060         0x0000ffa0         rw !x
eeprom           0x00810000         0x00010000         rw !x
fuse             0x00820000         0x00000400         rw !x
lock             0x00830000         0x00000400         rw !x
signature        0x00840000         0x00000400         rw !x
*default*        0x00000000         0xffffffff

Linker script and memory map

LOAD d:/c_projects/embedded_interfacing_emvironment/win/bin/../lib/gcc/avr/4.3.3/../../../../avr/lib/avr5/crtm32.o
LOAD ./project/WASH_prog.o
LOAD ./includes/ADC_prog.o
LOAD ./includes/DIO_prog.o
LOAD ./includes/EXTI_prog.o
LOAD ./includes/GIE_prog.o
LOAD ./includes/KEYBAD_prog.o
LOAD ./includes/LCD_prog.o
LOAD ./includes/TIM0_prog.o
LOAD ./main.o
LOAD d:/c_projects/embedded_interfacing_emvironment/win/bin/../lib/gcc/avr/4.3.3/avr5\libgcc.a
LOAD d:/c_projects/embedded_interfacing_emvironment/win/bin/../lib/gcc/avr/4.3.3/../../../../avr/lib/avr5\libc.a
LOAD d:/c_projects/embedded_interfacing_emvironment/win/bin/../lib/gcc/avr/4.3.3/avr5\libgcc.a

.hash
 *(.hash)

.dynsym
 *(.dynsym)

.dynstr
 *(.dynstr)

.gnu.version
 *(.gnu.version)

.gnu.version_d
 *(.gnu.version_d)

.gnu.version_r
 *(.gnu.version_r)

.rel.init
 *(.rel.init)

.rela.init
 *(.rela.init)

.rel.text
 *(.rel.text)
 *(.rel.text.*)
 *(.rel.gnu.linkonce.t*)

.rela.text
 *(.rela.text)
 *(.rela.text.*)
 *(.rela.gnu.linkonce.t*)

.rel.fini
 *(.rel.fini)

.rela.fini
 *(.rela.fini)

.rel.rodata
 *(.rel.rodata)
 *(.rel.rodata.*)
 *(.rel.gnu.linkonce.r*)

.rela.rodata
 *(.rela.rodata)
 *(.rela.rodata.*)
 *(.rela.gnu.linkonce.r*)

.rel.data
 *(.rel.data)
 *(.rel.data.*)
 *(.rel.gnu.linkonce.d*)

.rela.data
 *(.rela.data)
 *(.rela.data.*)
 *(.rela.gnu.linkonce.d*)

.rel.ctors
 *(.rel.ctors)

.rela.ctors
 *(.rela.ctors)

.rel.dtors
 *(.rel.dtors)

.rela.dtors
 *(.rela.dtors)

.rel.got
 *(.rel.got)

.rela.got
 *(.rela.got)

.rel.bss
 *(.rel.bss)

.rela.bss
 *(.rela.bss)

.rel.plt
 *(.rel.plt)

.rela.plt
 *(.rela.plt)

.text           0x00000000     0x3712
 *(.vectors)
 .vectors       0x00000000       0x54 d:/c_projects/embedded_interfacing_emvironment/win/bin/../lib/gcc/avr/4.3.3/../../../../avr/lib/avr5/crtm32.o
                0x00000000                __vectors
                0x00000000                __vector_default
 *(.vectors)
 *(.progmem.gcc*)
 *(.progmem*)
                0x00000054                . = ALIGN (0x2)
                0x00000054                __trampolines_start = .
 *(.trampolines)
 .trampolines   0x00000054        0x0 linker stubs
 *(.trampolines*)
                0x00000054                __trampolines_end = .
 *(.jumptables)
 *(.jumptables*)
 *(.lowtext)
 *(.lowtext*)
                0x00000054                __ctors_start = .
 *(.ctors)
                0x00000054                __ctors_end = .
                0x00000054                __dtors_start = .
 *(.dtors)
                0x00000054                __dtors_end = .
 SORT(*)(.ctors)
 SORT(*)(.dtors)
 *(.init0)
 .init0         0x00000054        0x0 d:/c_projects/embedded_interfacing_emvironment/win/bin/../lib/gcc/avr/4.3.3/../../../../avr/lib/avr5/crtm32.o
                0x00000054                __init
 *(.init0)
 *(.init1)
 *(.init1)
 *(.init2)
 .init2         0x00000054        0xc d:/c_projects/embedded_interfacing_emvironment/win/bin/../lib/gcc/avr/4.3.3/../../../../avr/lib/avr5/crtm32.o
 *(.init2)
 *(.init3)
 *(.init3)
 *(.init4)
 .init4         0x00000060       0x16 d:/c_projects/embedded_interfacing_emvironment/win/bin/../lib/gcc/avr/4.3.3/avr5\libgcc.a(_copy_data.o)
                0x00000060                __do_copy_data
 .init4         0x00000076       0x10 d:/c_projects/embedded_interfacing_emvironment/win/bin/../lib/gcc/avr/4.3.3/avr5\libgcc.a(_clear_bss.o)
                0x00000076                __do_clear_bss
 *(.init4)
 *(.init5)
 *(.init5)
 *(.init6)
 *(.init6)
 *(.init7)
 *(.init7)
 *(.init8)
 *(.init8)
 *(.init9)
 .init9         0x00000086        0x8 d:/c_projects/embedded_interfacing_emvironment/win/bin/../lib/gcc/avr/4.3.3/../../../../avr/lib/avr5/crtm32.o
 *(.init9)
 *(.text)
 .text          0x0000008e        0x4 d:/c_projects/embedded_interfacing_emvironment/win/bin/../lib/gcc/avr/4.3.3/../../../../avr/lib/avr5/crtm32.o
                0x0000008e                __vector_12
                0x0000008e                __bad_interrupt
                0x0000008e                __vector_6
                0x0000008e                __vector_3
                0x0000008e                __vector_13
                0x0000008e                __vector_17
                0x0000008e                __vector_19
                0x0000008e                __vector_7
                0x0000008e                __vector_5
                0x0000008e                __vector_4
                0x0000008e                __vector_9
                0x0000008e                __vector_2
                0x0000008e                __vector_15
                0x0000008e                __vector_8
                0x0000008e                __vector_14
                0x0000008e                __vector_18
                0x0000008e                __vector_20
 .text          0x00000092        0x0 ./project/WASH_prog.o
 .text          0x00000092        0x0 ./includes/ADC_prog.o
 .text          0x00000092        0x0 ./includes/DIO_prog.o
 .text          0x00000092        0x0 ./includes/EXTI_prog.o
 .text          0x00000092        0x0 ./includes/GIE_prog.o
 .text          0x00000092        0x0 ./includes/KEYBAD_prog.o
 .text          0x00000092        0x0 ./includes/LCD_prog.o
 .text          0x00000092        0x0 ./includes/TIM0_prog.o
 .text          0x00000092        0x0 ./main.o
 .text          0x00000092        0x0 d:/c_projects/embedded_interfacing_emvironment/win/bin/../lib/gcc/avr/4.3.3/avr5\libgcc.a(_udivmodqi4.o)
 .text          0x00000092        0x0 d:/c_projects/embedded_interfacing_emvironment/win/bin/../lib/gcc/avr/4.3.3/avr5\libgcc.a(_exit.o)
 .text          0x00000092        0x0 d:/c_projects/embedded_interfacing_emvironment/win/bin/../lib/gcc/avr/4.3.3/avr5\libgcc.a(_copy_data.o)
 .text          0x00000092        0x0 d:/c_projects/embedded_interfacing_emvironment/win/bin/../lib/gcc/avr/4.3.3/avr5\libgcc.a(_clear_bss.o)
 .text          0x00000092       0x58 d:/c_projects/embedded_interfacing_emvironment/win/bin/../lib/gcc/avr/4.3.3/avr5\libgcc.a(_fixunssfsi.o)
                0x00000092                __fixunssfsi
 .text          0x000000ea      0x354 d:/c_projects/embedded_interfacing_emvironment/win/bin/../lib/gcc/avr/4.3.3/avr5\libgcc.a(_addsub_sf.o)
                0x00000382                __subsf3
                0x000003e4                __addsf3
 .text          0x0000043e      0x1f4 d:/c_projects/embedded_interfacing_emvironment/win/bin/../lib/gcc/avr/4.3.3/avr5\libgcc.a(_mul_sf.o)
                0x0000043e                __mulsf3
 .text          0x00000632      0x158 d:/c_projects/embedded_interfacing_emvironment/win/bin/../lib/gcc/avr/4.3.3/avr5\libgcc.a(_div_sf.o)
                0x00000632                __divsf3
 .text          0x0000078a       0x60 d:/c_projects/embedded_interfacing_emvironment/win/bin/../lib/gcc/avr/4.3.3/avr5\libgcc.a(_gt_sf.o)
                0x0000078a                __gtsf2
 .text          0x000007ea       0x60 d:/c_projects/embedded_interfacing_emvironment/win/bin/../lib/gcc/avr/4.3.3/avr5\libgcc.a(_ge_sf.o)
                0x000007ea                __gesf2
 .text          0x0000084a       0x60 d:/c_projects/embedded_interfacing_emvironment/win/bin/../lib/gcc/avr/4.3.3/avr5\libgcc.a(_lt_sf.o)
                0x0000084a                __ltsf2
 .text          0x000008aa       0xa8 d:/c_projects/embedded_interfacing_emvironment/win/bin/../lib/gcc/avr/4.3.3/avr5\libgcc.a(_sf_to_si.o)
                0x000008aa                __fixsfsi
 .text          0x00000952        0x0 d:/c_projects/embedded_interfacing_emvironment/win/bin/../lib/gcc/avr/4.3.3/avr5\libgcc.a(_thenan_sf.o)
 .text          0x00000952        0x0 d:/c_projects/embedded_interfacing_emvironment/win/bin/../lib/gcc/avr/4.3.3/avr5\libgcc.a(_prologue.o)
 .text          0x00000952        0x0 d:/c_projects/embedded_interfacing_emvironment/win/bin/../lib/gcc/avr/4.3.3/avr5\libgcc.a(_epilogue.o)
 .text          0x00000952      0x1aa d:/c_projects/embedded_interfacing_emvironment/win/bin/../lib/gcc/avr/4.3.3/avr5\libgcc.a(_pack_sf.o)
                0x00000952                __pack_f
 .text          0x00000afc       0xf0 d:/c_projects/embedded_interfacing_emvironment/win/bin/../lib/gcc/avr/4.3.3/avr5\libgcc.a(_unpack_sf.o)
                0x00000afc                __unpack_f
 .text          0x00000bec       0xb2 d:/c_projects/embedded_interfacing_emvironment/win/bin/../lib/gcc/avr/4.3.3/avr5\libgcc.a(_fpcmp_parts_sf.o)
                0x00000bec                __fpcmp_parts_f
                0x00000c9e                . = ALIGN (0x2)
 *(.text.*)
 .text.WASH_voidCheckDoorsAndArmSafety
                0x00000c9e      0x234 ./project/WASH_prog.o
                0x00000c9e                WASH_voidCheckDoorsAndArmSafety
 .text.WASH_voidGetPreferences
                0x00000ed2      0x1cc ./project/WASH_prog.o
                0x00000ed2                WASH_voidGetPreferences
 .text.WASH_voidRunCycle
                0x0000109e      0x350 ./project/WASH_prog.o
                0x0000109e                WASH_voidRunCycle
 .text.__vector_1
                0x000013ee       0xde ./project/WASH_prog.o
                0x000013ee                __vector_1
 .text.ADC_voidInit
                0x000014cc       0xb4 ./includes/ADC_prog.o
                0x000014cc                ADC_voidInit
 .text.ADC_voidADCEnable
                0x00001580       0x1c ./includes/ADC_prog.o
                0x00001580                ADC_voidADCEnable
 .text.ADC_voidADCDisable
                0x0000159c       0x1c ./includes/ADC_prog.o
                0x0000159c                ADC_voidADCDisable
 .text.ADC_u16Read
                0x000015b8       0x2a ./includes/ADC_prog.o
                0x000015b8                ADC_u16Read
 .text.ADC_u16GetChannelReading
                0x000015e2       0x68 ./includes/ADC_prog.o
                0x000015e2                ADC_u16GetChannelReading
 .text.ADC_voidStartConverstion
                0x0000164a       0x1c ./includes/ADC_prog.o
                0x0000164a                ADC_voidStartConverstion
 .text.ADC_voidAutoTrigger
                0x00001666       0x2a ./includes/ADC_prog.o
                0x00001666                ADC_voidAutoTrigger
 .text.ADC_voidInterruptEnable
                0x00001690       0x1c ./includes/ADC_prog.o
                0x00001690                ADC_voidInterruptEnable
 .text.ADC_voidSetCallBack
                0x000016ac       0x24 ./includes/ADC_prog.o
                0x000016ac                ADC_voidSetCallBack
 .text.__vector_16
                0x000016d0       0x66 ./includes/ADC_prog.o
                0x000016d0                __vector_16
 .text.DIO_voidInitialization
                0x00001736       0x2a ./includes/DIO_prog.o
                0x00001736                DIO_voidInitialization
 .text.DIO_voidSetPinDirection
                0x00001760      0x210 ./includes/DIO_prog.o
                0x00001760                DIO_voidSetPinDirection
 .text.DIO_voidSetpinValue
                0x00001970      0x210 ./includes/DIO_prog.o
                0x00001970                DIO_voidSetpinValue
 .text.DIO_u8GetPinValue
                0x00001b80      0x104 ./includes/DIO_prog.o
                0x00001b80                DIO_u8GetPinValue
 .text.DIO_voidTogglePin
                0x00001c84      0x10a ./includes/DIO_prog.o
                0x00001c84                DIO_voidTogglePin
 .text.DIO_voidSetPortDirection
                0x00001d8e       0x88 ./includes/DIO_prog.o
                0x00001d8e                DIO_voidSetPortDirection
 .text.DIO_voidSetPortValue
                0x00001e16       0x88 ./includes/DIO_prog.o
                0x00001e16                DIO_voidSetPortValue
 .text.EXTI_voidInit
                0x00001e9e       0x54 ./includes/EXTI_prog.o
                0x00001e9e                EXTI_voidInit
 .text.EXTI_voidSetSenseControl
                0x00001ef2      0x204 ./includes/EXTI_prog.o
                0x00001ef2                EXTI_voidSetSenseControl
 .text.EXTI_voidEnable
                0x000020f6       0x6e ./includes/EXTI_prog.o
                0x000020f6                EXTI_voidEnable
 .text.EXTI_voidDisable
                0x00002164       0x6e ./includes/EXTI_prog.o
                0x00002164                EXTI_voidDisable
 .text.GIE_voidEnable
                0x000021d2       0x1c ./includes/GIE_prog.o
                0x000021d2                GIE_voidEnable
 .text.GIE_voidDisable
                0x000021ee       0x1c ./includes/GIE_prog.o
                0x000021ee                GIE_voidDisable
 .text.KEY_PADINTI
                0x0000220a       0xae ./includes/KEYBAD_prog.o
                0x0000220a                KEY_PADINTI
 .text.GET_u8PRESSEDKEY
                0x000022b8      0x392 ./includes/KEYBAD_prog.o
                0x000022b8                GET_u8PRESSEDKEY
 .text.LCD_voidLCDInit
                0x0000264a      0x6be ./includes/LCD_prog.o
                0x0000264a                LCD_voidLCDInit
 .text.LCD_voidSendCommand
                0x00002d08      0x1d2 ./includes/LCD_prog.o
                0x00002d08                LCD_voidSendCommand
 .text.LCD_voidSendData
                0x00002eda      0x1d2 ./includes/LCD_prog.o
                0x00002eda                LCD_voidSendData
 .text.LCD_voidPutonBus
                0x000030ac       0xb6 ./includes/LCD_prog.o
 .text.LCD_GotoXY
                0x00003162       0x86 ./includes/LCD_prog.o
                0x00003162                LCD_GotoXY
 .text.LCD_voidWriteString
                0x000031e8       0x52 ./includes/LCD_prog.o
                0x000031e8                LCD_voidWriteString
 .text.LCD_voidWriteNumber
                0x0000323a       0x90 ./includes/LCD_prog.o
                0x0000323a                LCD_voidWriteNumber
 .text.TIM0_voidinit
                0x000032ca       0xa6 ./includes/TIM0_prog.o
                0x000032ca                TIM0_voidinit
 .text.TIM0_voidSetMode
                0x00003370       0xd0 ./includes/TIM0_prog.o
                0x00003370                TIM0_voidSetMode
 .text.TIM0_voidSetPrescaler
                0x00003440       0x32 ./includes/TIM0_prog.o
                0x00003440                TIM0_voidSetPrescaler
 .text.TIM0_voidEnableOVInterrupt
                0x00003472       0x1c ./includes/TIM0_prog.o
                0x00003472                TIM0_voidEnableOVInterrupt
 .text.TIM0_voidDisableOVInterrupt
                0x0000348e       0x1c ./includes/TIM0_prog.o
                0x0000348e                TIM0_voidDisableOVInterrupt
 .text.TIM0_voidSetOVReg
                0x000034aa       0x1c ./includes/TIM0_prog.o
                0x000034aa                TIM0_voidSetOVReg
 .text.TIM0_u8ReadOVReg
                0x000034c6       0x14 ./includes/TIM0_prog.o
                0x000034c6                TIM0_u8ReadOVReg
 .text.TIM0_voidOVSetCallBack
                0x000034da       0x24 ./includes/TIM0_prog.o
                0x000034da                TIM0_voidOVSetCallBack
 .text.__vector_11
                0x000034fe       0x66 ./includes/TIM0_prog.o
                0x000034fe                __vector_11
 .text.TIM0_voidEnableCTCInterrupt
                0x00003564       0x1c ./includes/TIM0_prog.o
                0x00003564                TIM0_voidEnableCTCInterrupt
 .text.TIM0_voidDisableCTCInterrupt
                0x00003580       0x1c ./includes/TIM0_prog.o
                0x00003580                TIM0_voidDisableCTCInterrupt
 .text.TIM0_voidSetCTCReg
                0x0000359c       0x1c ./includes/TIM0_prog.o
                0x0000359c                TIM0_voidSetCTCReg
 .text.TIM0_u8ReadCTCReg
                0x000035b8       0x14 ./includes/TIM0_prog.o
                0x000035b8                TIM0_u8ReadCTCReg
 .text.TIM0_voidCTCSetCallBack
                0x000035cc       0x24 ./includes/TIM0_prog.o
                0x000035cc                TIM0_voidCTCSetCallBack
 .text.__vector_10
                0x000035f0       0x66 ./includes/TIM0_prog.o
                0x000035f0                __vector_10
 .text.main     0x00003656       0x32 ./main.o
                0x00003656                main
 .text.libgcc   0x00003688       0x18 d:/c_projects/embedded_interfacing_emvironment/win/bin/../lib/gcc/avr/4.3.3/avr5\libgcc.a(_udivmodqi4.o)
                0x00003688                __udivmodqi4
 .text.libgcc   0x000036a0        0x0 d:/c_projects/embedded_interfacing_emvironment/win/bin/../lib/gcc/avr/4.3.3/avr5\libgcc.a(_exit.o)
 .text.libgcc   0x000036a0        0x0 d:/c_projects/embedded_interfacing_emvironment/win/bin/../lib/gcc/avr/4.3.3/avr5\libgcc.a(_copy_data.o)
 .text.libgcc   0x000036a0        0x0 d:/c_projects/embedded_interfacing_emvironment/win/bin/../lib/gcc/avr/4.3.3/avr5\libgcc.a(_clear_bss.o)
 .text.libgcc   0x000036a0       0x38 d:/c_projects/embedded_interfacing_emvironment/win/bin/../lib/gcc/avr/4.3.3/avr5\libgcc.a(_prologue.o)
                0x000036a0                __prologue_saves__
 .text.libgcc   0x000036d8       0x36 d:/c_projects/embedded_interfacing_emvironment/win/bin/../lib/gcc/avr/4.3.3/avr5\libgcc.a(_epilogue.o)
                0x000036d8                __epilogue_restores__
                0x0000370e                . = ALIGN (0x2)
 *(.fini9)
 .fini9         0x0000370e        0x0 d:/c_projects/embedded_interfacing_emvironment/win/bin/../lib/gcc/avr/4.3.3/avr5\libgcc.a(_exit.o)
                0x0000370e                exit
                0x0000370e                _exit
 *(.fini9)
 *(.fini8)
 *(.fini8)
 *(.fini7)
 *(.fini7)
 *(.fini6)
 *(.fini6)
 *(.fini5)
 *(.fini5)
 *(.fini4)
 *(.fini4)
 *(.fini3)
 *(.fini3)
 *(.fini2)
 *(.fini2)
 *(.fini1)
 *(.fini1)
 *(.fini0)
 .fini0         0x0000370e        0x4 d:/c_projects/embedded_interfacing_emvironment/win/bin/../lib/gcc/avr/4.3.3/avr5\libgcc.a(_exit.o)
 *(.fini0)
                0x00003712                _etext = .

.data           0x00800060      0x10e load address 0x00003712
                0x00800060                PROVIDE (__data_start, .)
 *(.data)
 .data          0x00800060        0x0 d:/c_projects/embedded_interfacing_emvironment/win/bin/../lib/gcc/avr/4.3.3/../../../../avr/lib/avr5/crtm32.o
 .data          0x00800060      0x105 ./project/WASH_prog.o
 .data          0x00800165        0x0 ./includes/ADC_prog.o
 .data          0x00800165        0x0 ./includes/DIO_prog.o
 .data          0x00800165        0x0 ./includes/EXTI_prog.o
 .data          0x00800165        0x0 ./includes/GIE_prog.o
 .data          0x00800165        0x0 ./includes/KEYBAD_prog.o
 .data          0x00800165        0x0 ./includes/LCD_prog.o
 .data          0x00800165        0x0 ./includes/TIM0_prog.o
 .data          0x00800165        0x0 ./main.o
 .data          0x00800165        0x0 d:/c_projects/embedded_interfacing_emvironment/win/bin/../lib/gcc/avr/4.3.3/avr5\libgcc.a(_udivmodqi4.o)
 .data          0x00800165        0x0 d:/c_projects/embedded_interfacing_emvironment/win/bin/../lib/gcc/avr/4.3.3/avr5\libgcc.a(_exit.o)
 .data          0x00800165        0x0 d:/c_projects/embedded_interfacing_emvironment/win/bin/../lib/gcc/avr/4.3.3/avr5\libgcc.a(_copy_data.o)
 .data          0x00800165        0x0 d:/c_projects/embedded_interfacing_emvironment/win/bin/../lib/gcc/avr/4.3.3/avr5\libgcc.a(_clear_bss.o)
 .data          0x00800165        0x0 d:/c_projects/embedded_interfacing_emvironment/win/bin/../lib/gcc/avr/4.3.3/avr5\libgcc.a(_fixunssfsi.o)
 .data          0x00800165        0x0 d:/c_projects/embedded_interfacing_emvironment/win/bin/../lib/gcc/avr/4.3.3/avr5\libgcc.a(_addsub_sf.o)
 .data          0x00800165        0x0 d:/c_projects/embedded_interfacing_emvironment/win/bin/../lib/gcc/avr/4.3.3/avr5\libgcc.a(_mul_sf.o)
 .data          0x00800165        0x0 d:/c_projects/embedded_interfacing_emvironment/win/bin/../lib/gcc/avr/4.3.3/avr5\libgcc.a(_div_sf.o)
 .data          0x00800165        0x0 d:/c_projects/embedded_interfacing_emvironment/win/bin/../lib/gcc/avr/4.3.3/avr5\libgcc.a(_gt_sf.o)
 .data          0x00800165        0x0 d:/c_projects/embedded_interfacing_emvironment/win/bin/../lib/gcc/avr/4.3.3/avr5\libgcc.a(_ge_sf.o)
 .data          0x00800165        0x0 d:/c_projects/embedded_interfacing_emvironment/win/bin/../lib/gcc/avr/4.3.3/avr5\libgcc.a(_lt_sf.o)
 .data          0x00800165        0x0 d:/c_projects/embedded_interfacing_emvironment/win/bin/../lib/gcc/avr/4.3.3/avr5\libgcc.a(_sf_to_si.o)
 .data          0x00800165        0x8 d:/c_projects/embedded_interfacing_emvironment/win/bin/../lib/gcc/avr/4.3.3/avr5\libgcc.a(_thenan_sf.o)
                0x00800165                __thenan_sf
 .data          0x0080016d        0x0 d:/c_projects/embedded_interfacing_emvironment/win/bin/../lib/gcc/avr/4.3.3/avr5\libgcc.a(_prologue.o)
 .data          0x0080016d        0x0 d:/c_projects/embedded_interfacing_emvironment/win/bin/../lib/gcc/avr/4.3.3/avr5\libgcc.a(_epilogue.o)
 .data          0x0080016d        0x0 d:/c_projects/embedded_interfacing_emvironment/win/bin/../lib/gcc/avr/4.3.3/avr5\libgcc.a(_pack_sf.o)
 .data          0x0080016d        0x0 d:/c_projects/embedded_interfacing_emvironment/win/bin/../lib/gcc/avr/4.3.3/avr5\libgcc.a(_unpack_sf.o)
 .data          0x0080016d        0x0 d:/c_projects/embedded_interfacing_emvironment/win/bin/../lib/gcc/avr/4.3.3/avr5\libgcc.a(_fpcmp_parts_sf.o)
 *(.data*)
 *(.rodata)
 *(.rodata*)
 *(.gnu.linkonce.d*)
                0x0080016e                . = ALIGN (0x2)
 *fill*         0x0080016d        0x1 00
                0x0080016e                _edata = .
                0x0080016e                PROVIDE (__data_end, .)

.bss            0x0080016e        0x8
                0x0080016e                PROVIDE (__bss_start, .)
 *(.bss)
 .bss           0x0080016e        0x0 d:/c_projects/embedded_interfacing_emvironment/win/bin/../lib/gcc/avr/4.3.3/../../../../avr/lib/avr5/crtm32.o
 .bss           0x0080016e        0x0 ./project/WASH_prog.o
 .bss           0x0080016e        0x0 ./includes/ADC_prog.o
 .bss           0x0080016e        0x0 ./includes/DIO_prog.o
 .bss           0x0080016e        0x0 ./includes/EXTI_prog.o
 .bss           0x0080016e        0x0 ./includes/GIE_prog.o
 .bss           0x0080016e        0x0 ./includes/KEYBAD_prog.o
 .bss           0x0080016e        0x0 ./includes/LCD_prog.o
 .bss           0x0080016e        0x0 ./includes/TIM0_prog.o
 .bss           0x0080016e        0x0 ./main.o
 .bss           0x0080016e        0x0 d:/c_projects/embedded_interfacing_emvironment/win/bin/../lib/gcc/avr/4.3.3/avr5\libgcc.a(_udivmodqi4.o)
 .bss           0x0080016e        0x0 d:/c_projects/embedded_interfacing_emvironment/win/bin/../lib/gcc/avr/4.3.3/avr5\libgcc.a(_exit.o)
 .bss           0x0080016e        0x0 d:/c_projects/embedded_interfacing_emvironment/win/bin/../lib/gcc/avr/4.3.3/avr5\libgcc.a(_copy_data.o)
 .bss           0x0080016e        0x0 d:/c_projects/embedded_interfacing_emvironment/win/bin/../lib/gcc/avr/4.3.3/avr5\libgcc.a(_clear_bss.o)
 .bss           0x0080016e        0x0 d:/c_projects/embedded_interfacing_emvironment/win/bin/../lib/gcc/avr/4.3.3/avr5\libgcc.a(_fixunssfsi.o)
 .bss           0x0080016e        0x0 d:/c_projects/embedded_interfacing_emvironment/win/bin/../lib/gcc/avr/4.3.3/avr5\libgcc.a(_addsub_sf.o)
 .bss           0x0080016e        0x0 d:/c_projects/embedded_interfacing_emvironment/win/bin/../lib/gcc/avr/4.3.3/avr5\libgcc.a(_mul_sf.o)
 .bss           0x0080016e        0x0 d:/c_projects/embedded_interfacing_emvironment/win/bin/../lib/gcc/avr/4.3.3/avr5\libgcc.a(_div_sf.o)
 .bss           0x0080016e        0x0 d:/c_projects/embedded_interfacing_emvironment/win/bin/../lib/gcc/avr/4.3.3/avr5\libgcc.a(_gt_sf.o)
 .bss           0x0080016e        0x0 d:/c_projects/embedded_interfacing_emvironment/win/bin/../lib/gcc/avr/4.3.3/avr5\libgcc.a(_ge_sf.o)
 .bss           0x0080016e        0x0 d:/c_projects/embedded_interfacing_emvironment/win/bin/../lib/gcc/avr/4.3.3/avr5\libgcc.a(_lt_sf.o)
 .bss           0x0080016e        0x0 d:/c_projects/embedded_interfacing_emvironment/win/bin/../lib/gcc/avr/4.3.3/avr5\libgcc.a(_sf_to_si.o)
 .bss           0x0080016e        0x0 d:/c_projects/embedded_interfacing_emvironment/win/bin/../lib/gcc/avr/4.3.3/avr5\libgcc.a(_thenan_sf.o)
 .bss           0x0080016e        0x0 d:/c_projects/embedded_interfacing_emvironment/win/bin/../lib/gcc/avr/4.3.3/avr5\libgcc.a(_prologue.o)
 .bss           0x0080016e        0x0 d:/c_projects/embedded_interfacing_emvironment/win/bin/../lib/gcc/avr/4.3.3/avr5\libgcc.a(_epilogue.o)
 .bss           0x0080016e        0x0 d:/c_projects/embedded_interfacing_emvironment/win/bin/../lib/gcc/avr/4.3.3/avr5\libgcc.a(_pack_sf.o)
 .bss           0x0080016e        0x0 d:/c_projects/embedded_interfacing_emvironment/win/bin/../lib/gcc/avr/4.3.3/avr5\libgcc.a(_unpack_sf.o)
 .bss           0x0080016e        0x0 d:/c_projects/embedded_interfacing_emvironment/win/bin/../lib/gcc/avr/4.3.3/avr5\libgcc.a(_fpcmp_parts_sf.o)
 *(.bss*)
 .bss.WASH_u8ActiveScreen
                0x0080016e        0x1 ./project/WASH_prog.o
                0x0080016e                WASH_u8ActiveScreen
 .bss.current_motor_speed
                0x0080016f        0x1 ./project/WASH_prog.o
                0x0080016f                current_motor_speed
 .bss.ADC_CallBack
                0x00800170        0x2 ./includes/ADC_prog.o
                0x00800170                ADC_CallBack
 .bss.FunctionAddress1
                0x00800172        0x2 ./includes/TIM0_prog.o
                0x00800172                FunctionAddress1
 .bss.FunctionAddress2
                0x00800174        0x2 ./includes/TIM0_prog.o
                0x00800174                FunctionAddress2
 *(COMMON)
                0x00800176                PROVIDE (__bss_end, .)
                0x00003712                __data_load_start = LOADADDR (.data)
                0x00003820                __data_load_end = (__data_load_start + SIZEOF (.data))

.noinit         0x00800176        0x0
                0x00800176                PROVIDE (__noinit_start, .)
 *(.noinit*)
                0x00800176                PROVIDE (__noinit_end, .)
                0x00800176                _end = .
                0x00800176                PROVIDE (__heap_start, .)

.eeprom         0x00810000        0x0
 *(.eeprom*)
                0x00810000                __eeprom_end = .

.fuse
 *(.fuse)
 *(.lfuse)
 *(.hfuse)
 *(.efuse)

.lock
 *(.lock*)

.signature
 *(.signature*)

.stab           0x00000000     0x3390
 *(.stab)
 .stab          0x00000000      0xd14 ./project/WASH_prog.o
 .stab          0x00000d14      0x48c ./includes/ADC_prog.o
                                0x498 (size before relaxing)
 .stab          0x000011a0      0x54c ./includes/DIO_prog.o
                                0x5c4 (size before relaxing)
 .stab          0x000016ec      0x2e8 ./includes/EXTI_prog.o
                                0x360 (size before relaxing)
 .stab          0x000019d4      0x144 ./includes/GIE_prog.o
                                0x1bc (size before relaxing)
 .stab          0x00001b18      0x4c8 ./includes/KEYBAD_prog.o
                                0x6cc (size before relaxing)
 .stab          0x00001fe0      0xbdc ./includes/LCD_prog.o
                                0xde0 (size before relaxing)
 .stab          0x00002bbc      0x540 ./includes/TIM0_prog.o
                                0x5b8 (size before relaxing)
 .stab          0x000030fc      0x294 ./main.o
                                0x4a4 (size before relaxing)

.stabstr        0x00000000     0x1572
 *(.stabstr)
 .stabstr       0x00000000     0x1572 ./project/WASH_prog.o

.stab.excl
 *(.stab.excl)

.stab.exclstr
 *(.stab.exclstr)

.stab.index
 *(.stab.index)

.stab.indexstr
 *(.stab.indexstr)

.comment
 *(.comment)

.debug
 *(.debug)

.line
 *(.line)

.debug_srcinfo
 *(.debug_srcinfo)

.debug_sfnames
 *(.debug_sfnames)

.debug_aranges  0x00000000      0x160
 *(.debug_aranges)
 .debug_aranges
                0x00000000       0x20 d:/c_projects/embedded_interfacing_emvironment/win/bin/../lib/gcc/avr/4.3.3/avr5\libgcc.a(_fixunssfsi.o)
 .debug_aranges
                0x00000020       0x20 d:/c_projects/embedded_interfacing_emvironment/win/bin/../lib/gcc/avr/4.3.3/avr5\libgcc.a(_addsub_sf.o)
 .debug_aranges
                0x00000040       0x20 d:/c_projects/embedded_interfacing_emvironment/win/bin/../lib/gcc/avr/4.3.3/avr5\libgcc.a(_mul_sf.o)
 .debug_aranges
                0x00000060       0x20 d:/c_projects/embedded_interfacing_emvironment/win/bin/../lib/gcc/avr/4.3.3/avr5\libgcc.a(_div_sf.o)
 .debug_aranges
                0x00000080       0x20 d:/c_projects/embedded_interfacing_emvironment/win/bin/../lib/gcc/avr/4.3.3/avr5\libgcc.a(_gt_sf.o)
 .debug_aranges
                0x000000a0       0x20 d:/c_projects/embedded_interfacing_emvironment/win/bin/../lib/gcc/avr/4.3.3/avr5\libgcc.a(_ge_sf.o)
 .debug_aranges
                0x000000c0       0x20 d:/c_projects/embedded_interfacing_emvironment/win/bin/../lib/gcc/avr/4.3.3/avr5\libgcc.a(_lt_sf.o)
 .debug_aranges
                0x000000e0       0x20 d:/c_projects/embedded_interfacing_emvironment/win/bin/../lib/gcc/avr/4.3.3/avr5\libgcc.a(_sf_to_si.o)
 .debug_aranges
                0x00000100       0x20 d:/c_projects/embedded_interfacing_emvironment/win/bin/../lib/gcc/avr/4.3.3/avr5\libgcc.a(_pack_sf.o)
 .debug_aranges
                0x00000120       0x20 d:/c_projects/embedded_interfacing_emvironment/win/bin/../lib/gcc/avr/4.3.3/avr5\libgcc.a(_unpack_sf.o)
 .debug_aranges
                0x00000140       0x20 d:/c_projects/embedded_interfacing_emvironment/win/bin/../lib/gcc/avr/4.3.3/avr5\libgcc.a(_fpcmp_parts_sf.o)

.debug_pubnames
                0x00000000      0x18f
 *(.debug_pubnames)
 .debug_pubnames
                0x00000000       0x23 d:/c_projects/embedded_interfacing_emvironment/win/bin/../lib/gcc/avr/4.3.3/avr5\libgcc.a(_fixunssfsi.o)
 .debug_pubnames
                0x00000023       0x2c d:/c_projects/embedded_interfacing_emvironment/win/bin/../lib/gcc/avr/4.3.3/avr5\libgcc.a(_addsub_sf.o)
 .debug_pubnames
                0x0000004f       0x1f d:/c_projects/embedded_interfacing_emvironment/win/bin/../lib/gcc/avr/4.3.3/avr5\libgcc.a(_mul_sf.o)
 .debug_pubnames
                0x0000006e       0x1f d:/c_projects/embedded_interfacing_emvironment/win/bin/../lib/gcc/avr/4.3.3/avr5\libgcc.a(_div_sf.o)
 .debug_pubnames
                0x0000008d       0x1e d:/c_projects/embedded_interfacing_emvironment/win/bin/../lib/gcc/avr/4.3.3/avr5\libgcc.a(_gt_sf.o)
 .debug_pubnames
                0x000000ab       0x1e d:/c_projects/embedded_interfacing_emvironment/win/bin/../lib/gcc/avr/4.3.3/avr5\libgcc.a(_ge_sf.o)
 .debug_pubnames
                0x000000c9       0x1e d:/c_projects/embedded_interfacing_emvironment/win/bin/../lib/gcc/avr/4.3.3/avr5\libgcc.a(_lt_sf.o)
 .debug_pubnames
                0x000000e7       0x20 d:/c_projects/embedded_interfacing_emvironment/win/bin/../lib/gcc/avr/4.3.3/avr5\libgcc.a(_sf_to_si.o)
 .debug_pubnames
                0x00000107       0x22 d:/c_projects/embedded_interfacing_emvironment/win/bin/../lib/gcc/avr/4.3.3/avr5\libgcc.a(_thenan_sf.o)
 .debug_pubnames
                0x00000129       0x1f d:/c_projects/embedded_interfacing_emvironment/win/bin/../lib/gcc/avr/4.3.3/avr5\libgcc.a(_pack_sf.o)
 .debug_pubnames
                0x00000148       0x21 d:/c_projects/embedded_interfacing_emvironment/win/bin/../lib/gcc/avr/4.3.3/avr5\libgcc.a(_unpack_sf.o)
 .debug_pubnames
                0x00000169       0x26 d:/c_projects/embedded_interfacing_emvironment/win/bin/../lib/gcc/avr/4.3.3/avr5\libgcc.a(_fpcmp_parts_sf.o)

.debug_info     0x00000000     0x2045
 *(.debug_info)
 .debug_info    0x00000000       0xb1 d:/c_projects/embedded_interfacing_emvironment/win/bin/../lib/gcc/avr/4.3.3/avr5\libgcc.a(_fixunssfsi.o)
 .debug_info    0x000000b1      0x47a d:/c_projects/embedded_interfacing_emvironment/win/bin/../lib/gcc/avr/4.3.3/avr5\libgcc.a(_addsub_sf.o)
 .debug_info    0x0000052b      0x485 d:/c_projects/embedded_interfacing_emvironment/win/bin/../lib/gcc/avr/4.3.3/avr5\libgcc.a(_mul_sf.o)
 .debug_info    0x000009b0      0x3fc d:/c_projects/embedded_interfacing_emvironment/win/bin/../lib/gcc/avr/4.3.3/avr5\libgcc.a(_div_sf.o)
 .debug_info    0x00000dac      0x27f d:/c_projects/embedded_interfacing_emvironment/win/bin/../lib/gcc/avr/4.3.3/avr5\libgcc.a(_gt_sf.o)
 .debug_info    0x0000102b      0x27f d:/c_projects/embedded_interfacing_emvironment/win/bin/../lib/gcc/avr/4.3.3/avr5\libgcc.a(_ge_sf.o)
 .debug_info    0x000012aa      0x27f d:/c_projects/embedded_interfacing_emvironment/win/bin/../lib/gcc/avr/4.3.3/avr5\libgcc.a(_lt_sf.o)
 .debug_info    0x00001529      0x2b0 d:/c_projects/embedded_interfacing_emvironment/win/bin/../lib/gcc/avr/4.3.3/avr5\libgcc.a(_sf_to_si.o)
 .debug_info    0x000017d9      0x12c d:/c_projects/embedded_interfacing_emvironment/win/bin/../lib/gcc/avr/4.3.3/avr5\libgcc.a(_thenan_sf.o)
 .debug_info    0x00001905      0x2df d:/c_projects/embedded_interfacing_emvironment/win/bin/../lib/gcc/avr/4.3.3/avr5\libgcc.a(_pack_sf.o)
 .debug_info    0x00001be4      0x251 d:/c_projects/embedded_interfacing_emvironment/win/bin/../lib/gcc/avr/4.3.3/avr5\libgcc.a(_unpack_sf.o)
 .debug_info    0x00001e35      0x210 d:/c_projects/embedded_interfacing_emvironment/win/bin/../lib/gcc/avr/4.3.3/avr5\libgcc.a(_fpcmp_parts_sf.o)
 *(.gnu.linkonce.wi.*)

.debug_abbrev   0x00000000     0x1101
 *(.debug_abbrev)
 .debug_abbrev  0x00000000       0x5d d:/c_projects/embedded_interfacing_emvironment/win/bin/../lib/gcc/avr/4.3.3/avr5\libgcc.a(_fixunssfsi.o)
 .debug_abbrev  0x0000005d      0x1ea d:/c_projects/embedded_interfacing_emvironment/win/bin/../lib/gcc/avr/4.3.3/avr5\libgcc.a(_addsub_sf.o)
 .debug_abbrev  0x00000247      0x21b d:/c_projects/embedded_interfacing_emvironment/win/bin/../lib/gcc/avr/4.3.3/avr5\libgcc.a(_mul_sf.o)
 .debug_abbrev  0x00000462      0x216 d:/c_projects/embedded_interfacing_emvironment/win/bin/../lib/gcc/avr/4.3.3/avr5\libgcc.a(_div_sf.o)
 .debug_abbrev  0x00000678      0x15a d:/c_projects/embedded_interfacing_emvironment/win/bin/../lib/gcc/avr/4.3.3/avr5\libgcc.a(_gt_sf.o)
 .debug_abbrev  0x000007d2      0x15a d:/c_projects/embedded_interfacing_emvironment/win/bin/../lib/gcc/avr/4.3.3/avr5\libgcc.a(_ge_sf.o)
 .debug_abbrev  0x0000092c      0x15a d:/c_projects/embedded_interfacing_emvironment/win/bin/../lib/gcc/avr/4.3.3/avr5\libgcc.a(_lt_sf.o)
 .debug_abbrev  0x00000a86      0x17f d:/c_projects/embedded_interfacing_emvironment/win/bin/../lib/gcc/avr/4.3.3/avr5\libgcc.a(_sf_to_si.o)
 .debug_abbrev  0x00000c05       0xad d:/c_projects/embedded_interfacing_emvironment/win/bin/../lib/gcc/avr/4.3.3/avr5\libgcc.a(_thenan_sf.o)
 .debug_abbrev  0x00000cb2      0x1c0 d:/c_projects/embedded_interfacing_emvironment/win/bin/../lib/gcc/avr/4.3.3/avr5\libgcc.a(_pack_sf.o)
 .debug_abbrev  0x00000e72      0x154 d:/c_projects/embedded_interfacing_emvironment/win/bin/../lib/gcc/avr/4.3.3/avr5\libgcc.a(_unpack_sf.o)
 .debug_abbrev  0x00000fc6      0x13b d:/c_projects/embedded_interfacing_emvironment/win/bin/../lib/gcc/avr/4.3.3/avr5\libgcc.a(_fpcmp_parts_sf.o)

.debug_line     0x00000000      0xf82
 *(.debug_line)
 .debug_line    0x00000000       0xa7 d:/c_projects/embedded_interfacing_emvironment/win/bin/../lib/gcc/avr/4.3.3/avr5\libgcc.a(_fixunssfsi.o)
 .debug_line    0x000000a7      0x2af d:/c_projects/embedded_interfacing_emvironment/win/bin/../lib/gcc/avr/4.3.3/avr5\libgcc.a(_addsub_sf.o)
 .debug_line    0x00000356      0x239 d:/c_projects/embedded_interfacing_emvironment/win/bin/../lib/gcc/avr/4.3.3/avr5\libgcc.a(_mul_sf.o)
 .debug_line    0x0000058f      0x1d5 d:/c_projects/embedded_interfacing_emvironment/win/bin/../lib/gcc/avr/4.3.3/avr5\libgcc.a(_div_sf.o)
 .debug_line    0x00000764       0xd3 d:/c_projects/embedded_interfacing_emvironment/win/bin/../lib/gcc/avr/4.3.3/avr5\libgcc.a(_gt_sf.o)
 .debug_line    0x00000837       0xd3 d:/c_projects/embedded_interfacing_emvironment/win/bin/../lib/gcc/avr/4.3.3/avr5\libgcc.a(_ge_sf.o)
 .debug_line    0x0000090a       0xd3 d:/c_projects/embedded_interfacing_emvironment/win/bin/../lib/gcc/avr/4.3.3/avr5\libgcc.a(_lt_sf.o)
 .debug_line    0x000009dd      0x109 d:/c_projects/embedded_interfacing_emvironment/win/bin/../lib/gcc/avr/4.3.3/avr5\libgcc.a(_sf_to_si.o)
 .debug_line    0x00000ae6       0x90 d:/c_projects/embedded_interfacing_emvironment/win/bin/../lib/gcc/avr/4.3.3/avr5\libgcc.a(_thenan_sf.o)
 .debug_line    0x00000b76      0x18a d:/c_projects/embedded_interfacing_emvironment/win/bin/../lib/gcc/avr/4.3.3/avr5\libgcc.a(_pack_sf.o)
 .debug_line    0x00000d00      0x14b d:/c_projects/embedded_interfacing_emvironment/win/bin/../lib/gcc/avr/4.3.3/avr5\libgcc.a(_unpack_sf.o)
 .debug_line    0x00000e4b      0x137 d:/c_projects/embedded_interfacing_emvironment/win/bin/../lib/gcc/avr/4.3.3/avr5\libgcc.a(_fpcmp_parts_sf.o)

.debug_frame    0x00000000      0x180
 *(.debug_frame)
 .debug_frame   0x00000000       0x20 d:/c_projects/embedded_interfacing_emvironment/win/bin/../lib/gcc/avr/4.3.3/avr5\libgcc.a(_fixunssfsi.o)
 .debug_frame   0x00000020       0x40 d:/c_projects/embedded_interfacing_emvironment/win/bin/../lib/gcc/avr/4.3.3/avr5\libgcc.a(_addsub_sf.o)
 .debug_frame   0x00000060       0x20 d:/c_projects/embedded_interfacing_emvironment/win/bin/../lib/gcc/avr/4.3.3/avr5\libgcc.a(_mul_sf.o)
 .debug_frame   0x00000080       0x20 d:/c_projects/embedded_interfacing_emvironment/win/bin/../lib/gcc/avr/4.3.3/avr5\libgcc.a(_div_sf.o)
 .debug_frame   0x000000a0       0x20 d:/c_projects/embedded_interfacing_emvironment/win/bin/../lib/gcc/avr/4.3.3/avr5\libgcc.a(_gt_sf.o)
 .debug_frame   0x000000c0       0x20 d:/c_projects/embedded_interfacing_emvironment/win/bin/../lib/gcc/avr/4.3.3/avr5\libgcc.a(_ge_sf.o)
 .debug_frame   0x000000e0       0x20 d:/c_projects/embedded_interfacing_emvironment/win/bin/../lib/gcc/avr/4.3.3/avr5\libgcc.a(_lt_sf.o)
 .debug_frame   0x00000100       0x20 d:/c_projects/embedded_interfacing_emvironment/win/bin/../lib/gcc/avr/4.3.3/avr5\libgcc.a(_sf_to_si.o)
 .debug_frame   0x00000120       0x20 d:/c_projects/embedded_interfacing_emvironment/win/bin/../lib/gcc/avr/4.3.3/avr5\libgcc.a(_pack_sf.o)
 .debug_frame   0x00000140       0x20 d:/c_projects/embedded_interfacing_emvironment/win/bin/../lib/gcc/avr/4.3.3/avr5\libgcc.a(_unpack_sf.o)
 .debug_frame   0x00000160       0x20 d:/c_projects/embedded_interfacing_emvironment/win/bin/../lib/gcc/avr/4.3.3/avr5\libgcc.a(_fpcmp_parts_sf.o)

.debug_str      0x00000000      0x2c2
 *(.debug_str)
 .debug_str     0x00000000       0xbf d:/c_projects/embedded_interfacing_emvironment/win/bin/../lib/gcc/avr/4.3.3/avr5\libgcc.a(_fixunssfsi.o)
                                 0xfe (size before relaxing)
 .debug_str     0x000000bf      0x14d d:/c_projects/embedded_interfacing_emvironment/win/bin/../lib/gcc/avr/4.3.3/avr5\libgcc.a(_addsub_sf.o)
                                0x206 (size before relaxing)
 .debug_str     0x0000020c       0x27 d:/c_projects/embedded_interfacing_emvironment/win/bin/../lib/gcc/avr/4.3.3/avr5\libgcc.a(_mul_sf.o)
                                0x1bf (size before relaxing)
 .debug_str     0x00000233       0x35 d:/c_projects/embedded_interfacing_emvironment/win/bin/../lib/gcc/avr/4.3.3/avr5\libgcc.a(_div_sf.o)
                                0x1c8 (size before relaxing)
 .debug_str     0x00000268        0xf d:/c_projects/embedded_interfacing_emvironment/win/bin/../lib/gcc/avr/4.3.3/avr5\libgcc.a(_gt_sf.o)
                                0x195 (size before relaxing)
 .debug_str     0x00000277        0x8 d:/c_projects/embedded_interfacing_emvironment/win/bin/../lib/gcc/avr/4.3.3/avr5\libgcc.a(_ge_sf.o)
                                0x195 (size before relaxing)
 .debug_str     0x0000027f        0x8 d:/c_projects/embedded_interfacing_emvironment/win/bin/../lib/gcc/avr/4.3.3/avr5\libgcc.a(_lt_sf.o)
                                0x195 (size before relaxing)
 .debug_str     0x00000287        0xa d:/c_projects/embedded_interfacing_emvironment/win/bin/../lib/gcc/avr/4.3.3/avr5\libgcc.a(_sf_to_si.o)
                                0x19e (size before relaxing)
 .debug_str     0x00000000      0x103 d:/c_projects/embedded_interfacing_emvironment/win/bin/../lib/gcc/avr/4.3.3/avr5\libgcc.a(_thenan_sf.o)
 .debug_str     0x00000291       0x16 d:/c_projects/embedded_interfacing_emvironment/win/bin/../lib/gcc/avr/4.3.3/avr5\libgcc.a(_pack_sf.o)
                                0x19d (size before relaxing)
 .debug_str     0x000002a7        0xb d:/c_projects/embedded_interfacing_emvironment/win/bin/../lib/gcc/avr/4.3.3/avr5\libgcc.a(_unpack_sf.o)
                                0x17f (size before relaxing)
 .debug_str     0x000002b2       0x10 d:/c_projects/embedded_interfacing_emvironment/win/bin/../lib/gcc/avr/4.3.3/avr5\libgcc.a(_fpcmp_parts_sf.o)
                                0x163 (size before relaxing)

.debug_loc      0x00000000      0x88e
 *(.debug_loc)
 .debug_loc     0x00000000       0x34 d:/c_projects/embedded_interfacing_emvironment/win/bin/../lib/gcc/avr/4.3.3/avr5\libgcc.a(_fixunssfsi.o)
 .debug_loc     0x00000034      0x32a d:/c_projects/embedded_interfacing_emvironment/win/bin/../lib/gcc/avr/4.3.3/avr5\libgcc.a(_addsub_sf.o)
 .debug_loc     0x0000035e      0x104 d:/c_projects/embedded_interfacing_emvironment/win/bin/../lib/gcc/avr/4.3.3/avr5\libgcc.a(_mul_sf.o)
 .debug_loc     0x00000462       0xc0 d:/c_projects/embedded_interfacing_emvironment/win/bin/../lib/gcc/avr/4.3.3/avr5\libgcc.a(_div_sf.o)
 .debug_loc     0x00000522       0x3c d:/c_projects/embedded_interfacing_emvironment/win/bin/../lib/gcc/avr/4.3.3/avr5\libgcc.a(_gt_sf.o)
 .debug_loc     0x0000055e       0x3c d:/c_projects/embedded_interfacing_emvironment/win/bin/../lib/gcc/avr/4.3.3/avr5\libgcc.a(_ge_sf.o)
 .debug_loc     0x0000059a       0x3c d:/c_projects/embedded_interfacing_emvironment/win/bin/../lib/gcc/avr/4.3.3/avr5\libgcc.a(_lt_sf.o)
 .debug_loc     0x000005d6       0x7e d:/c_projects/embedded_interfacing_emvironment/win/bin/../lib/gcc/avr/4.3.3/avr5\libgcc.a(_sf_to_si.o)
 .debug_loc     0x00000654      0x13e d:/c_projects/embedded_interfacing_emvironment/win/bin/../lib/gcc/avr/4.3.3/avr5\libgcc.a(_pack_sf.o)
 .debug_loc     0x00000792       0xac d:/c_projects/embedded_interfacing_emvironment/win/bin/../lib/gcc/avr/4.3.3/avr5\libgcc.a(_unpack_sf.o)
 .debug_loc     0x0000083e       0x50 d:/c_projects/embedded_interfacing_emvironment/win/bin/../lib/gcc/avr/4.3.3/avr5\libgcc.a(_fpcmp_parts_sf.o)

.debug_macinfo
 *(.debug_macinfo)
OUTPUT(le.elf elf32-avr)
LOAD linker stubs

.debug_ranges   0x00000000       0x50
 .debug_ranges  0x00000000       0x50 d:/c_projects/embedded_interfacing_emvironment/win/bin/../lib/gcc/avr/4.3.3/avr5\libgcc.a(_mul_sf.o)
